<html>
<body>
<pre>
<h1>µVision Build Log</h1>
<h2>Project:</h2>
D:\Documents\GitHub\nrf51822_v4.4.1.31827_Backup\Board\pca10001\AtomWear_V1.0\Applications\keil_uvision_projects\AtomWear_Run\AtomWear_Run.uvproj
Project File Date:  07/24/2014

<h2>Output:</h2>
Build target 'AtomWear_Run'
creating preprocessor file for main.c...
compiling main.c...
creating preprocessor file for xprintf.c...
compiling xprintf.c...
creating preprocessor file for system_nrf51.c...
compiling system_nrf51.c...
creating preprocessor file for twi_hw_master.c...
compiling twi_hw_master.c...
creating preprocessor file for simple_uart.c...
compiling simple_uart.c...
creating preprocessor file for nrf_delay.c...
compiling nrf_delay.c...
creating preprocessor file for app_timer.c...
compiling app_timer.c...
..\..\..\Software\Source\ble_lib\app_timer.c(148): warning:  #550-D: variable "m_evt_schedule_func" was set but never used
creating preprocessor file for ble_advdata.c...
compiling ble_advdata.c...
creating preprocessor file for ble_conn_params.c...
compiling ble_conn_params.c...
creating preprocessor file for ble_debug_assert_handler.c...
compiling ble_debug_assert_handler.c...
creating preprocessor file for ble_error_log.c...
compiling ble_error_log.c...
creating preprocessor file for ble_flash.c...
compiling ble_flash.c...
creating preprocessor file for ble_stack_handler.c...
compiling ble_stack_handler.c...
creating preprocessor file for ble_nus.c...
compiling ble_nus.c...
creating preprocessor file for ble_srv_common.c...
compiling ble_srv_common.c...
creating preprocessor file for ble_startup.c...
compiling ble_startup.c...
creating preprocessor file for bmp180.c...
compiling bmp180.c...
creating preprocessor file for mma8452q.c...
..\..\..\Software\Source\mma8452q\mma8452q.c(188): warning:  #1-D: last line of file ends without a newline
compiling mma8452q.c...
..\..\..\Software\Source\mma8452q\mma8452q.c(132): warning:  #177-D: variable "i" was declared but never referenced
..\..\..\Software\Source\mma8452q\mma8452q.c(134): warning:  #177-D: variable "acce" was declared but never referenced
..\..\..\Software\Source\mma8452q\mma8452q.c(188): warning:  #1-D: last line of file ends without a newline
..\..\..\Software\Source\mma8452q\mma8452q.c(160): warning:  #177-D: variable "x_value" was declared but never referenced
..\..\..\Software\Source\mma8452q\mma8452q.c(160): warning:  #177-D: variable "y_value" was declared but never referenced
..\..\..\Software\Source\mma8452q\mma8452q.c(160): warning:  #177-D: variable "z_value" was declared but never referenced
..\..\..\Software\Source\mma8452q\mma8452q.c(161): warning:  #177-D: variable "value" was declared but never referenced
creating preprocessor file for oled.c...
compiling oled.c...
creating preprocessor file for step_count.c...
compiling step_count.c...
creating preprocessor file for INT_handle.c...
compiling INT_handle.c...
creating preprocessor file for flash_ctrl.c...
compiling flash_ctrl.c...
creating preprocessor file for pwr_ctrl.c...
compiling pwr_ctrl.c...
creating preprocessor file for system_work_handle.c...
compiling system_work_handle.c...
..\..\..\Software\Source\sys_work_handle\system_work_handle.c(239): warning:  #223-D: function "MMA845x_Init" declared implicitly
..\..\..\Software\Source\sys_work_handle\system_work_handle.c(240): warning:  #223-D: function "MMA845x_Active" declared implicitly
creating preprocessor file for system_info_storage.c...
compiling system_info_storage.c...
linking...
Program Size: Code=19568 RO-data=228 RW-data=180 ZI-data=6752  
FromELF: creating hex file...
User command #1: C:\Keil\ARM\ARMCC\bin\fromelf.exe --bin -o  .\output\AtomWear_Run_V_1_0.bin .\output\AtomWear_Run_V_1_0.axf
".\output\AtomWear_Run_V_1_0.axf" - 0 Error(s), 10 Warning(s).
Build target 'AtomWear_Run'
creating preprocessor file for system_work_handle.c...
compiling system_work_handle.c...
linking...
Program Size: Code=19568 RO-data=228 RW-data=180 ZI-data=6752  
FromELF: creating hex file...
User command #1: C:\Keil\ARM\ARMCC\bin\fromelf.exe --bin -o  .\output\AtomWear_Run_V_1_0.bin .\output\AtomWear_Run_V_1_0.axf
".\output\AtomWear_Run_V_1_0.axf" - 0 Error(s), 0 Warning(s).
Build target 'AtomWear_Run'
linking...
Program Size: Code=19568 RO-data=228 RW-data=180 ZI-data=6752  
FromELF: creating hex file...
User command #1: C:\Keil\ARM\ARMCC\bin\fromelf.exe --bin -o  .\output\AtomWear_Run_V_1_0.bin .\output\AtomWear_Run_V_1_0.axf
".\output\AtomWear_Run_V_1_0.axf" - 0 Error(s), 0 Warning(s).
Rebuild target 'AtomWear_Run'
creating preprocessor file for main.c...
compiling main.c...
creating preprocessor file for xprintf.c...
compiling xprintf.c...
assembling arm_startup_nrf51.s...
creating preprocessor file for system_nrf51.c...
compiling system_nrf51.c...
creating preprocessor file for twi_hw_master.c...
compiling twi_hw_master.c...
creating preprocessor file for simple_uart.c...
compiling simple_uart.c...
creating preprocessor file for nrf_delay.c...
compiling nrf_delay.c...
creating preprocessor file for app_timer.c...
compiling app_timer.c...
..\..\..\Software\Source\ble_lib\app_timer.c(148): warning:  #550-D: variable "m_evt_schedule_func" was set but never used
creating preprocessor file for ble_advdata.c...
compiling ble_advdata.c...
creating preprocessor file for ble_conn_params.c...
compiling ble_conn_params.c...
creating preprocessor file for ble_debug_assert_handler.c...
compiling ble_debug_assert_handler.c...
creating preprocessor file for ble_error_log.c...
compiling ble_error_log.c...
creating preprocessor file for ble_flash.c...
compiling ble_flash.c...
creating preprocessor file for ble_stack_handler.c...
compiling ble_stack_handler.c...
creating preprocessor file for ble_nus.c...
compiling ble_nus.c...
creating preprocessor file for ble_srv_common.c...
compiling ble_srv_common.c...
creating preprocessor file for ble_startup.c...
compiling ble_startup.c...
creating preprocessor file for bmp180.c...
compiling bmp180.c...
creating preprocessor file for mma8452q.c...
..\..\..\Software\Source\mma8452q\mma8452q.c(188): warning:  #1-D: last line of file ends without a newline
compiling mma8452q.c...
..\..\..\Software\Source\mma8452q\mma8452q.c(132): warning:  #177-D: variable "i" was declared but never referenced
..\..\..\Software\Source\mma8452q\mma8452q.c(134): warning:  #177-D: variable "acce" was declared but never referenced
..\..\..\Software\Source\mma8452q\mma8452q.c(188): warning:  #1-D: last line of file ends without a newline
..\..\..\Software\Source\mma8452q\mma8452q.c(160): warning:  #177-D: variable "x_value" was declared but never referenced
..\..\..\Software\Source\mma8452q\mma8452q.c(160): warning:  #177-D: variable "y_value" was declared but never referenced
..\..\..\Software\Source\mma8452q\mma8452q.c(160): warning:  #177-D: variable "z_value" was declared but never referenced
..\..\..\Software\Source\mma8452q\mma8452q.c(161): warning:  #177-D: variable "value" was declared but never referenced
creating preprocessor file for oled.c...
compiling oled.c...
creating preprocessor file for step_count.c...
compiling step_count.c...
creating preprocessor file for INT_handle.c...
compiling INT_handle.c...
creating preprocessor file for flash_ctrl.c...
compiling flash_ctrl.c...
creating preprocessor file for pwr_ctrl.c...
compiling pwr_ctrl.c...
creating preprocessor file for system_work_handle.c...
compiling system_work_handle.c...
creating preprocessor file for system_info_storage.c...
compiling system_info_storage.c...
linking...
Program Size: Code=19568 RO-data=228 RW-data=180 ZI-data=6752  
FromELF: creating hex file...
User command #1: C:\Keil\ARM\ARMCC\bin\fromelf.exe --bin -o  .\output\AtomWear_Run_V_1_0.bin .\output\AtomWear_Run_V_1_0.axf
".\output\AtomWear_Run_V_1_0.axf" - 0 Error(s), 8 Warning(s).
Rebuild target 'AtomWear_Run'
creating preprocessor file for main.c...
compiling main.c...
creating preprocessor file for xprintf.c...
compiling xprintf.c...
assembling arm_startup_nrf51.s...
creating preprocessor file for system_nrf51.c...
compiling system_nrf51.c...
creating preprocessor file for twi_hw_master.c...
compiling twi_hw_master.c...
creating preprocessor file for simple_uart.c...
compiling simple_uart.c...
creating preprocessor file for nrf_delay.c...
compiling nrf_delay.c...
creating preprocessor file for app_timer.c...
compiling app_timer.c...
..\..\..\Software\Source\ble_lib\app_timer.c(148): warning:  #550-D: variable "m_evt_schedule_func" was set but never used
creating preprocessor file for ble_advdata.c...
compiling ble_advdata.c...
creating preprocessor file for ble_conn_params.c...
compiling ble_conn_params.c...
creating preprocessor file for ble_debug_assert_handler.c...
compiling ble_debug_assert_handler.c...
creating preprocessor file for ble_error_log.c...
compiling ble_error_log.c...
creating preprocessor file for ble_flash.c...
compiling ble_flash.c...
creating preprocessor file for ble_stack_handler.c...
compiling ble_stack_handler.c...
creating preprocessor file for ble_nus.c...
compiling ble_nus.c...
creating preprocessor file for ble_srv_common.c...
compiling ble_srv_common.c...
creating preprocessor file for ble_startup.c...
compiling ble_startup.c...
creating preprocessor file for bmp180.c...
compiling bmp180.c...
creating preprocessor file for mma8452q.c...
compiling mma8452q.c...
..\..\..\Software\Source\mma8452q\mma8452q.c(132): warning:  #177-D: variable "i" was declared but never referenced
..\..\..\Software\Source\mma8452q\mma8452q.c(134): warning:  #177-D: variable "acce" was declared but never referenced
creating preprocessor file for oled.c...
compiling oled.c...
creating preprocessor file for step_count.c...
compiling step_count.c...
creating preprocessor file for INT_handle.c...
compiling INT_handle.c...
creating preprocessor file for flash_ctrl.c...
compiling flash_ctrl.c...
creating preprocessor file for pwr_ctrl.c...
compiling pwr_ctrl.c...
creating preprocessor file for system_work_handle.c...
compiling system_work_handle.c...
creating preprocessor file for system_info_storage.c...
compiling system_info_storage.c...
linking...
Program Size: Code=19628 RO-data=228 RW-data=180 ZI-data=6752  
FromELF: creating hex file...
User command #1: C:\Keil\ARM\ARMCC\bin\fromelf.exe --bin -o  .\output\AtomWear_Run_V_1_0.bin .\output\AtomWear_Run_V_1_0.axf
".\output\AtomWear_Run_V_1_0.axf" - 0 Error(s), 3 Warning(s).
Rebuild target 'AtomWear_Run'
creating preprocessor file for main.c...
compiling main.c...
creating preprocessor file for xprintf.c...
compiling xprintf.c...
assembling arm_startup_nrf51.s...
creating preprocessor file for system_nrf51.c...
compiling system_nrf51.c...
creating preprocessor file for twi_hw_master.c...
compiling twi_hw_master.c...
creating preprocessor file for simple_uart.c...
compiling simple_uart.c...
creating preprocessor file for nrf_delay.c...
compiling nrf_delay.c...
creating preprocessor file for app_timer.c...
compiling app_timer.c...
..\..\..\Software\Source\ble_lib\app_timer.c(148): warning:  #550-D: variable "m_evt_schedule_func" was set but never used
creating preprocessor file for ble_advdata.c...
compiling ble_advdata.c...
creating preprocessor file for ble_conn_params.c...
compiling ble_conn_params.c...
creating preprocessor file for ble_debug_assert_handler.c...
compiling ble_debug_assert_handler.c...
creating preprocessor file for ble_error_log.c...
compiling ble_error_log.c...
creating preprocessor file for ble_flash.c...
compiling ble_flash.c...
creating preprocessor file for ble_stack_handler.c...
compiling ble_stack_handler.c...
creating preprocessor file for ble_nus.c...
compiling ble_nus.c...
creating preprocessor file for ble_srv_common.c...
compiling ble_srv_common.c...
creating preprocessor file for ble_startup.c...
compiling ble_startup.c...
creating preprocessor file for bmp180.c...
compiling bmp180.c...
creating preprocessor file for mma8452q.c...
compiling mma8452q.c...
creating preprocessor file for oled.c...
compiling oled.c...
creating preprocessor file for step_count.c...
compiling step_count.c...
creating preprocessor file for INT_handle.c...
compiling INT_handle.c...
creating preprocessor file for flash_ctrl.c...
compiling flash_ctrl.c...
creating preprocessor file for pwr_ctrl.c...
compiling pwr_ctrl.c...
creating preprocessor file for system_work_handle.c...
compiling system_work_handle.c...
creating preprocessor file for system_info_storage.c...
compiling system_info_storage.c...
linking...
Program Size: Code=19628 RO-data=228 RW-data=180 ZI-data=6752  
FromELF: creating hex file...
User command #1: C:\Keil\ARM\ARMCC\bin\fromelf.exe --bin -o  .\output\AtomWear_Run_V_1_0.bin .\output\AtomWear_Run_V_1_0.axf
".\output\AtomWear_Run_V_1_0.axf" - 0 Error(s), 1 Warning(s).
Load "D:\\Documents\\GitHub\\nrf51822_v4.4.1.31827_Backup\\Board\\pca10001\\AtomWear_V1.0\\Applications\\keil_uvision_projects\\AtomWear_Run\\output\\AtomWear_Run_V_1_0.AXF" 
* JLink Info: Device "NRF51822" selected (256 KB flash, 8 KB RAM).
Set JLink Project File to "D:\Documents\GitHub\nrf51822_v4.4.1.31827_Backup\Board\pca10001\AtomWear_V1.0\Applications\keil_uvision_projects\AtomWear_Run\JLinkSettings.ini"
* JLink Info: Device "NRF51822" selected (256 KB flash, 8 KB RAM).
 
JLink info:
------------
DLL: V4.60a, compiled Jan 16 2013 17:15:30
Firmware: J-Link ARM V8 compiled Jan 31 2018 18:34:52
Hardware: V8.00
S/N : 20080643 
Feature(s) : RDI,FlashDL,FlashBP,JFlash,GDBFull 
 
* JLink Info: Found SWD-DP with ID 0x0BB11477
* JLink Info: FPUnit: 4 code (BP) slots and 0 literal slots
* JLink Info: Found Cortex-M0 r0p0, Little endian.
ROMTableAddr = 0xE00FF003
 
Target info:
------------
Device: nRF51822_xxAA
VTarget = 3.300V
State of Pins: 
TCK: 0, TDI: 0, TDO: 0, TMS: 0, TRES: 1, TRST: 1
Hardware-Breakpoints: 4
Software-Breakpoints: 8192
Watchpoints:          2
JTAG speed: 2000 kHz
 
Erase Done.
Programming Done.
Verify OK.
Build target 'AtomWear_Run'
creating preprocessor file for main.c...
compiling main.c...
creating preprocessor file for ak8963.c...
compiling ak8963.c...
..\..\..\Software\Source\AK8963C\ak8963.c(55): warning:  #167-D: argument of type "char *" is incompatible with parameter of type "uint8_t *"
..\..\..\Software\Source\AK8963C\ak8963.c(58): warning:  #167-D: argument of type "char *" is incompatible with parameter of type "uint8_t *"
..\..\..\Software\Source\AK8963C\ak8963.c(104): warning:  #940-D: missing return statement at end of non-void function "number_convert"
..\..\..\Software\Source\AK8963C\ak8963.c(134): warning:  #167-D: argument of type "char *" is incompatible with parameter of type "uint8_t *"
..\..\..\Software\Source\AK8963C\ak8963.c(137): warning:  #167-D: argument of type "char *" is incompatible with parameter of type "uint8_t *"
..\..\..\Software\Source\AK8963C\ak8963.c(142): warning:  #167-D: argument of type "char *" is incompatible with parameter of type "uint8_t *"
..\..\..\Software\Source\AK8963C\ak8963.c(145): warning:  #167-D: argument of type "char *" is incompatible with parameter of type "uint8_t *"
..\..\..\Software\Source\AK8963C\ak8963.c(148): warning:  #167-D: argument of type "char *" is incompatible with parameter of type "uint8_t *"
..\..\..\Software\Source\AK8963C\ak8963.c(167): warning:  #167-D: argument of type "char *" is incompatible with parameter of type "uint8_t *"
..\..\..\Software\Source\AK8963C\ak8963.c(175): warning:  #167-D: argument of type "char *" is incompatible with parameter of type "uint8_t *"
..\..\..\Software\Source\AK8963C\ak8963.c(178): warning:  #167-D: argument of type "char *" is incompatible with parameter of type "uint8_t *"
..\..\..\Software\Source\AK8963C\ak8963.c(180): warning:  #167-D: argument of type "char *" is incompatible with parameter of type "uint8_t *"
creating preprocessor file for oled.c...
compiling oled.c...
..\..\..\Software\Source\oled\oled.c(339): warning:  #177-D: variable "i" was declared but never referenced
..\..\..\Software\Source\oled\oled.c(339): warning:  #177-D: variable "j" was declared but never referenced
..\..\..\Software\Source\oled\oled.c(340): warning:  #177-D: variable "pixel" was declared but never referenced
linking...
Program Size: Code=19628 RO-data=228 RW-data=180 ZI-data=6752  
FromELF: creating hex file...
User command #1: C:\Keil\ARM\ARMCC\bin\fromelf.exe --bin -o  .\output\AtomWear_Run_V_1_0.bin .\output\AtomWear_Run_V_1_0.axf
".\output\AtomWear_Run_V_1_0.axf" - 0 Error(s), 15 Warning(s).
Build target 'AtomWear_Run'
creating preprocessor file for ak8963.c...
compiling ak8963.c...
..\..\..\Software\Source\AK8963C\ak8963.c(104): warning:  #940-D: missing return statement at end of non-void function "number_convert"
linking...
Program Size: Code=19628 RO-data=228 RW-data=180 ZI-data=6752  
FromELF: creating hex file...
User command #1: C:\Keil\ARM\ARMCC\bin\fromelf.exe --bin -o  .\output\AtomWear_Run_V_1_0.bin .\output\AtomWear_Run_V_1_0.axf
".\output\AtomWear_Run_V_1_0.axf" - 0 Error(s), 1 Warning(s).
Build target 'AtomWear_Run'
creating preprocessor file for main.c...
compiling main.c...
creating preprocessor file for nrf_delay.c...
compiling nrf_delay.c...
creating preprocessor file for app_timer.c...
compiling app_timer.c...
..\..\..\Software\Source\ble_lib\app_timer.c(148): warning:  #550-D: variable "m_evt_schedule_func" was set but never used
creating preprocessor file for mma8452q.c...
compiling mma8452q.c...
creating preprocessor file for ak8963.c...
compiling ak8963.c...
..\..\..\Software\Source\AK8963C\ak8963.c(104): warning:  #940-D: missing return statement at end of non-void function "number_convert"
creating preprocessor file for oled.c...
compiling oled.c...
..\..\..\Software\Source\oled\oled.c(339): warning:  #177-D: variable "i" was declared but never referenced
..\..\..\Software\Source\oled\oled.c(339): warning:  #177-D: variable "j" was declared but never referenced
..\..\..\Software\Source\oled\oled.c(340): warning:  #177-D: variable "pixel" was declared but never referenced
creating preprocessor file for step_count.c...
compiling step_count.c...
creating preprocessor file for INT_handle.c...
compiling INT_handle.c...
creating preprocessor file for pwr_ctrl.c...
compiling pwr_ctrl.c...
creating preprocessor file for system_work_handle.c...
compiling system_work_handle.c...
linking...
Program Size: Code=19620 RO-data=228 RW-data=180 ZI-data=6752  
FromELF: creating hex file...
User command #1: C:\Keil\ARM\ARMCC\bin\fromelf.exe --bin -o  .\output\AtomWear_Run_V_1_0.bin .\output\AtomWear_Run_V_1_0.axf
".\output\AtomWear_Run_V_1_0.axf" - 0 Error(s), 5 Warning(s).
Build target 'AtomWear_Run'
creating preprocessor file for ak8963.c...
compiling ak8963.c...
..\..\..\Software\Source\AK8963C\ak8963.c(55): warning:  #167-D: argument of type "char *" is incompatible with parameter of type "uint8_t *"
..\..\..\Software\Source\AK8963C\ak8963.c(58): warning:  #167-D: argument of type "char *" is incompatible with parameter of type "uint8_t *"
..\..\..\Software\Source\AK8963C\ak8963.c(104): warning:  #940-D: missing return statement at end of non-void function "number_convert"
..\..\..\Software\Source\AK8963C\ak8963.c(134): warning:  #167-D: argument of type "char *" is incompatible with parameter of type "uint8_t *"
..\..\..\Software\Source\AK8963C\ak8963.c(137): warning:  #167-D: argument of type "char *" is incompatible with parameter of type "uint8_t *"
..\..\..\Software\Source\AK8963C\ak8963.c(142): warning:  #167-D: argument of type "char *" is incompatible with parameter of type "uint8_t *"
..\..\..\Software\Source\AK8963C\ak8963.c(145): warning:  #167-D: argument of type "char *" is incompatible with parameter of type "uint8_t *"
..\..\..\Software\Source\AK8963C\ak8963.c(148): warning:  #167-D: argument of type "char *" is incompatible with parameter of type "uint8_t *"
..\..\..\Software\Source\AK8963C\ak8963.c(167): warning:  #167-D: argument of type "char *" is incompatible with parameter of type "uint8_t *"
..\..\..\Software\Source\AK8963C\ak8963.c(175): warning:  #167-D: argument of type "char *" is incompatible with parameter of type "uint8_t *"
..\..\..\Software\Source\AK8963C\ak8963.c(178): warning:  #167-D: argument of type "char *" is incompatible with parameter of type "uint8_t *"
..\..\..\Software\Source\AK8963C\ak8963.c(180): warning:  #167-D: argument of type "char *" is incompatible with parameter of type "uint8_t *"
linking...
Program Size: Code=19620 RO-data=228 RW-data=180 ZI-data=6752  
FromELF: creating hex file...
User command #1: C:\Keil\ARM\ARMCC\bin\fromelf.exe --bin -o  .\output\AtomWear_Run_V_1_0.bin .\output\AtomWear_Run_V_1_0.axf
".\output\AtomWear_Run_V_1_0.axf" - 0 Error(s), 12 Warning(s).
Build target 'AtomWear_Run'
creating preprocessor file for ak8963.c...
compiling ak8963.c...
..\..\..\Software\Source\AK8963C\ak8963.c(104): warning:  #940-D: missing return statement at end of non-void function "number_convert"
linking...
Program Size: Code=19620 RO-data=228 RW-data=180 ZI-data=6752  
FromELF: creating hex file...
User command #1: C:\Keil\ARM\ARMCC\bin\fromelf.exe --bin -o  .\output\AtomWear_Run_V_1_0.bin .\output\AtomWear_Run_V_1_0.axf
".\output\AtomWear_Run_V_1_0.axf" - 0 Error(s), 1 Warning(s).
