<html>
<body>
<pre>
<h1>µVision Build Log</h1>
<h2>Project:</h2>
D:\Documents\GitHub\nrf51822_v4.4.1.31827_Backup\Board\pca10001\AtomWear_V1.0\Applications\keil_uvision_projects\AtomWear_DFU\AtomWear_DFU.uvproj
Project File Date:  07/24/2014

<h2>Output:</h2>
Build target 'Atom_Wear_DFU'
creating preprocessor file for main.c...
compiling main.c...
creating preprocessor file for xprintf.c...
compiling xprintf.c...
creating preprocessor file for system_nrf51.c...
compiling system_nrf51.c...
creating preprocessor file for nrf_delay.c...
compiling nrf_delay.c...
creating preprocessor file for simple_uart.c...
compiling simple_uart.c...
creating preprocessor file for app_timer.c...
compiling app_timer.c...
Source\ble_lib\app_timer.c(361): warning:  #177-D: function "timer_timeouts_check" was declared but never referenced
creating preprocessor file for ble_advdata.c...
compiling ble_advdata.c...
creating preprocessor file for ble_conn_params.c...
compiling ble_conn_params.c...
creating preprocessor file for ble_debug_assert_handler.c...
compiling ble_debug_assert_handler.c...
creating preprocessor file for ble_error_log.c...
compiling ble_error_log.c...
creating preprocessor file for ble_flash.c...
compiling ble_flash.c...
creating preprocessor file for ble_stack_handler.c...
compiling ble_stack_handler.c...
creating preprocessor file for ble_nus.c...
compiling ble_nus.c...
creating preprocessor file for ble_srv_common.c...
compiling ble_srv_common.c...
creating preprocessor file for ble_startup.c...
compiling ble_startup.c...
creating preprocessor file for flash_ctrl.c...
compiling flash_ctrl.c...
creating preprocessor file for timer.c...
compiling timer.c...
Source\timer\timer.c(22): warning:  #223-D: function "set_ble_rec_state" declared implicitly
creating preprocessor file for dfu_ctrl.c...
compiling dfu_ctrl.c...
linking...
Program Size: Code=13812 RO-data=228 RW-data=124 ZI-data=4460  
FromELF: creating hex file...
User command #1: C:\Keil\ARM\ARMCC\bin\fromelf.exe --bin -o  .\output\AtomWear_DFU.bin .\output\AtomWear_DFU.axf
".\output\AtomWear_DFU.axf" - 0 Error(s), 2 Warning(s).
Rebuild target 'Atom_Wear_DFU'
creating preprocessor file for main.c...
compiling main.c...
creating preprocessor file for xprintf.c...
compiling xprintf.c...
assembling arm_startup_nrf51.s...
creating preprocessor file for system_nrf51.c...
compiling system_nrf51.c...
creating preprocessor file for nrf_delay.c...
compiling nrf_delay.c...
creating preprocessor file for simple_uart.c...
compiling simple_uart.c...
creating preprocessor file for app_timer.c...
compiling app_timer.c...
Source\ble_lib\app_timer.c(361): warning:  #177-D: function "timer_timeouts_check" was declared but never referenced
creating preprocessor file for ble_advdata.c...
compiling ble_advdata.c...
creating preprocessor file for ble_conn_params.c...
compiling ble_conn_params.c...
creating preprocessor file for ble_debug_assert_handler.c...
compiling ble_debug_assert_handler.c...
creating preprocessor file for ble_error_log.c...
compiling ble_error_log.c...
creating preprocessor file for ble_flash.c...
compiling ble_flash.c...
creating preprocessor file for ble_stack_handler.c...
compiling ble_stack_handler.c...
creating preprocessor file for ble_nus.c...
compiling ble_nus.c...
creating preprocessor file for ble_srv_common.c...
compiling ble_srv_common.c...
creating preprocessor file for ble_startup.c...
compiling ble_startup.c...
creating preprocessor file for flash_ctrl.c...
compiling flash_ctrl.c...
creating preprocessor file for timer.c...
compiling timer.c...
creating preprocessor file for dfu_ctrl.c...
compiling dfu_ctrl.c...
linking...
Program Size: Code=13812 RO-data=228 RW-data=124 ZI-data=4460  
FromELF: creating hex file...
User command #1: C:\Keil\ARM\ARMCC\bin\fromelf.exe --bin -o  .\output\AtomWear_DFU.bin .\output\AtomWear_DFU.axf
".\output\AtomWear_DFU.axf" - 0 Error(s), 1 Warning(s).
Load "D:\\Documents\\GitHub\\nrf51822_v4.4.1.31827_Backup\\Board\\pca10001\\AtomWear_V1.0\\Applications\\keil_uvision_projects\\AtomWear_DFU\\output\\AtomWear_DFU.AXF" 
* JLink Info: Device "NRF51822" selected (256 KB flash, 8 KB RAM).
Set JLink Project File to "D:\Documents\GitHub\nrf51822_v4.4.1.31827_Backup\Board\pca10001\AtomWear_V1.0\Applications\keil_uvision_projects\AtomWear_DFU\JLinkSettings.ini"
* JLink Info: Device "NRF51822" selected (256 KB flash, 8 KB RAM).
 
JLink info:
------------
DLL: V4.60a, compiled Jan 16 2013 17:15:30
Firmware: J-Link ARM V8 compiled Jan 31 2018 18:34:52
Hardware: V8.00
S/N : 20080643 
Feature(s) : RDI,FlashDL,FlashBP,JFlash,GDBFull 
 
* JLink Info: Found SWD-DP with ID 0x0BB11477
* JLink Info: FPUnit: 4 code (BP) slots and 0 literal slots
* JLink Info: Found Cortex-M0 r0p0, Little endian.
ROMTableAddr = 0xE00FF003
 
Target info:
------------
Device: nRF51822_xxAA
VTarget = 3.300V
State of Pins: 
TCK: 0, TDI: 0, TDO: 0, TMS: 0, TRES: 1, TRST: 1
Hardware-Breakpoints: 4
Software-Breakpoints: 8192
Watchpoints:          2
JTAG speed: 2000 kHz
 
Erase Done.
Programming Done.
Verify OK.
